<testsuites id="" name="" tests="1" failures="0" skipped="0" errors="0" time="11.313401999999769">
<testsuite name="4SearchProduct.spec.js" timestamp="2024-05-15T06:04:01.487Z" hostname="chromium" tests="1" failures="0" skipped="0" time="8.003" errors="0">
<testcase name="Search All Products" classname="4SearchProduct.spec.js" time="8.003">
</testcase>
</testsuite>
</testsuites>